 
****************************************
Report : timing
        -path full
        -delay max
        -group in2reg
        -max_paths 1
Design : msrv_soc_system_controllerwrapper
Version: T-2022.03-SP4
Date   : Wed Apr 15 10:43:12 2026
****************************************
Wire Load Model Mode: top

  Startpoint: clk (clock source 'MAIN')
  Endpoint: dut/clk_gen/apb_clk_shift_reg
            (falling edge-triggered flip-flop clocked by MAIN)
  Path Group: in2reg
  Path Type: max

  Des/Clust/Port     Wire Load Model       Library
  ------------------------------------------------
  msrv_soc_system_controllerwrapper
                     8000                  saed14hvt_cg_ss0p585v125c

  Point                                                   Incr       Path      Voltage
  ------------------------------------------------------------------------------------
  clock MAIN (rise edge)                                  0.00       0.00      
  clk (in)                                                0.00       0.00 r    
  dut/clk (msrv_soc_system_controllerwrapper_msrv_soc_system_controller__939583_0)
                                                          0.00       0.00 r    
  dut/clk_gen/clk (msrv_soc_system_controllerwrapper_msrv_soc_clk_generator_0)
                                                          0.00       0.00 r    
  dut/clk_gen/GLITCH_FREE_CKT1/clk (msrv_soc_system_controllerwrapper_msrv_soc_glitch_free_ckt_1)
                                                          0.00       0.00 r    
  dut/clk_gen/GLITCH_FREE_CKT1/C60/X (SAEDHVT14_AN2_2)
                                                          0.08       0.08 r    0.58
  dut/clk_gen/GLITCH_FREE_CKT1/U5/X (SAEDRVT14_NR2_MM_1)
                                                          0.08       0.16 f    0.58
  dut/clk_gen/GLITCH_FREE_CKT1/U3/X (SAEDHVT14_OR2_1)     0.10       0.26 f    0.58
  dut/clk_gen/GLITCH_FREE_CKT1/U12/X (SAEDRVT14_OAI21_1)
                                                          0.09       0.35 r    0.58
  dut/clk_gen/GLITCH_FREE_CKT1/clk_out (msrv_soc_system_controllerwrapper_msrv_soc_glitch_free_ckt_1)
                                                          0.00       0.35 r    
  dut/clk_gen/U10/X (SAEDRVT14_OAI22_1)                   0.13       0.48 f    0.58
  dut/clk_gen/U3/X (SAEDHVT14_OAI22_3)                    0.14       0.61 r    0.58
  dut/clk_gen/apb_clk_shift_reg/D (SAEDHVT14_FSDNQ_V3_1)
                                                          0.00       0.61 r    0.58
  data arrival time                                                  0.61      

  clock MAIN (fall edge)                                  2.00       2.00      
  clock network delay (ideal)                             0.00       2.00      
  dut/clk_gen/apb_clk_shift_reg/CK (SAEDHVT14_FSDNQ_V3_1)
                                                          0.00       2.00 f    
  library setup time                                     -0.11       1.89      
  data required time                                                 1.89      
  ------------------------------------------------------------------------------------
  data required time                                                 1.89      
  data arrival time                                                 -0.61      
  ------------------------------------------------------------------------------------
  slack (MET)                                                        1.28      


1
