Information: Updating design information... (UID-85)
 
****************************************
Report : timing
        -path full
        -delay max
        -group reg2reg
        -max_paths 1
Design : msrv_soc_system_controllerwrapper
Version: T-2022.03-SP4
Date   : Wed Apr 15 10:43:12 2026
****************************************
Wire Load Model Mode: top

  Startpoint: dut/reg_bank/pmu_state_config_register_reg_31_
              (rising edge-triggered flip-flop clocked by MAIN)
  Endpoint: dut/PMU/eeprom_isolation_enb_delay2_reg
            (rising edge-triggered flip-flop clocked by MAIN)
  Path Group: reg2reg
  Path Type: max

  Des/Clust/Port     Wire Load Model       Library
  ------------------------------------------------
  msrv_soc_system_controllerwrapper
                     8000                  saed14hvt_cg_ss0p585v125c

  Point                                                   Incr       Path      Voltage
  ------------------------------------------------------------------------------------
  clock MAIN (rise edge)                                  0.00       0.00      
  clock network delay (ideal)                             0.00       0.00      
  dut/reg_bank/pmu_state_config_register_reg_31_/CK (SAEDHVT14_FSDPRBQ_V2LP_2)
                                                          0.00       0.00 r    0.58
  dut/reg_bank/pmu_state_config_register_reg_31_/Q (SAEDHVT14_FSDPRBQ_V2LP_2)
                                                          0.16       0.16 f    0.58
  dut/reg_bank/pmu_state_config[31] (msrv_soc_system_controllerwrapper_msrv_soc_register_bank__939583_0)
                                                          0.00       0.16 f    
  dut/PMU/pmu_state_config[31] (msrv_soc_system_controllerwrapper_msrv_soc_pmu_0)
                                                          0.00       0.16 f    
  dut/PMU/C257/X (SAEDHVT14_OR2_0P75)                     0.09       0.25 f    0.58
  dut/PMU/C258/X (SAEDHVT14_OR2_1)                        0.10       0.35 f    0.58
  dut/PMU/C259/X (SAEDHVT14_OR2_1)                        0.10       0.45 f    0.58
  dut/PMU/C161/X (SAEDHVT14_OR2_1)                        0.10       0.55 f    0.58
  dut/PMU/C162/X (SAEDHVT14_OR2_1)                        0.10       0.64 f    0.58
  dut/PMU/C163/X (SAEDHVT14_OR2_1)                        0.10       0.74 f    0.58
  dut/PMU/C164/X (SAEDHVT14_OR2_1)                        0.10       0.83 f    0.58
  dut/PMU/C165/X (SAEDHVT14_OR2_1)                        0.10       0.93 f    0.58
  dut/PMU/C166/X (SAEDHVT14_OR2_1)                        0.10       1.02 f    0.58
  dut/PMU/C167/X (SAEDHVT14_OR2_1)                        0.10       1.12 f    0.58
  dut/PMU/C168/X (SAEDHVT14_OR2_1)                        0.10       1.21 f    0.58
  dut/PMU/C169/X (SAEDHVT14_OR2_1)                        0.10       1.31 f    0.58
  dut/PMU/C170/X (SAEDHVT14_OR2_1)                        0.10       1.40 f    0.58
  dut/PMU/C171/X (SAEDHVT14_OR2_1)                        0.10       1.50 f    0.58
  dut/PMU/C172/X (SAEDHVT14_OR2_1)                        0.10       1.59 f    0.58
  dut/PMU/C173/X (SAEDHVT14_OR2_1)                        0.10       1.69 f    0.58
  dut/PMU/C174/X (SAEDHVT14_OR2_1)                        0.10       1.78 f    0.58
  dut/PMU/C175/X (SAEDHVT14_OR2_1)                        0.10       1.88 f    0.58
  dut/PMU/C176/X (SAEDHVT14_OR2_1)                        0.10       1.97 f    0.58
  dut/PMU/C177/X (SAEDHVT14_OR2_1)                        0.10       2.07 f    0.58
  dut/PMU/C178/X (SAEDHVT14_OR2_0P75)                     0.10       2.17 f    0.58
  dut/PMU/C179/X (SAEDHVT14_OR2_0P75)                     0.11       2.28 f    0.58
  dut/PMU/C180/X (SAEDHVT14_OR2_2)                        0.11       2.40 f    0.58
  dut/PMU/C181/X (SAEDHVT14_OR2_2)                        0.11       2.50 f    0.58
  dut/PMU/C182/X (SAEDHVT14_OR2_2)                        0.11       2.61 f    0.58
  dut/PMU/C216/X (SAEDHVT14_OR2_2)                        0.11       2.72 f    0.58
  dut/PMU/C250/X (SAEDHVT14_OR2_2)                        0.11       2.82 f    0.58
  dut/PMU/C284/X (SAEDHVT14_OR2_2)                        0.11       2.93 f    0.58
  dut/PMU/C351/X (SAEDHVT14_OR2_MM_1P5)                   0.13       3.06 f    0.58
  dut/PMU/C319/X (SAEDHVT14_OR2_0P75)                     0.12       3.18 f    0.58
  dut/PMU/C320/X (SAEDHVT14_OR2_MM_1P5)                   0.14       3.31 f    0.58
  dut/PMU/U29/X (SAEDHVT14_INV_0P75)                      0.11       3.43 r    0.58
  dut/PMU/U30/X (SAEDRVT14_OAI21_1)                       0.10       3.52 f    0.58
  dut/PMU/U31/X (SAEDRVT14_AO21B_1)                       0.14       3.66 f    0.58
  dut/PMU/U33/X (SAEDHVT14_AO32_2)                        0.17       3.83 f    0.58
  dut/PMU/eeprom_isolation_enb_delay2_reg/D (SAEDHVT14_FSDPQ_V2LP_1)
                                                          0.00       3.83 f    0.58
  data arrival time                                                  3.83      

  clock MAIN (rise edge)                                  4.00       4.00      
  clock network delay (ideal)                             0.00       4.00      
  dut/PMU/eeprom_isolation_enb_delay2_reg/CK (SAEDHVT14_FSDPQ_V2LP_1)
                                                          0.00       4.00 r    
  library setup time                                     -0.11       3.89      
  data required time                                                 3.89      
  ------------------------------------------------------------------------------------
  data required time                                                 3.89      
  data arrival time                                                 -3.83      
  ------------------------------------------------------------------------------------
  slack (MET)                                                        0.06      


1
