 
****************************************
Report : timing
        -path full
        -delay max
        -group in2out
        -max_paths 1
Design : msrv_soc_system_controllerwrapper
Version: T-2022.03-SP4
Date   : Wed Apr 15 10:43:12 2026
****************************************
Wire Load Model Mode: top

  Startpoint: clk (clock source 'MAIN')
  Endpoint: clk_out (output port clocked by MAIN)
  Path Group: in2out
  Path Type: max

  Des/Clust/Port     Wire Load Model       Library
  ------------------------------------------------
  msrv_soc_system_controllerwrapper
                     8000                  saed14hvt_cg_ss0p585v125c

  Point                                                   Incr       Path      Voltage
  ------------------------------------------------------------------------------------
  clock MAIN (fall edge)                                  2.00       2.00      
  clk (in)                                                0.00       2.00 f    
  dut/clk (msrv_soc_system_controllerwrapper_msrv_soc_system_controller__939583_0)
                                                          0.00       2.00 f    
  dut/clk_gen/clk (msrv_soc_system_controllerwrapper_msrv_soc_clk_generator_0)
                                                          0.00       2.00 f    
  dut/clk_gen/GLITCH_FREE_CKT0/clk (msrv_soc_system_controllerwrapper_msrv_soc_glitch_free_ckt_0)
                                                          0.00       2.00 f    
  dut/clk_gen/GLITCH_FREE_CKT0/C60/X (SAEDHVT14_AN2_2)
                                                          0.07       2.07 f    0.58
  dut/clk_gen/GLITCH_FREE_CKT0/U7/X (SAEDRVT14_NR2_MM_1)
                                                          0.10       2.17 r    0.58
  dut/clk_gen/GLITCH_FREE_CKT0/U3/X (SAEDHVT14_OR2_1)     0.11       2.28 r    0.58
  dut/clk_gen/GLITCH_FREE_CKT0/U11/X (SAEDRVT14_OAI21_1)
                                                          0.09       2.37 f    0.58
  dut/clk_gen/GLITCH_FREE_CKT0/clk_out (msrv_soc_system_controllerwrapper_msrv_soc_glitch_free_ckt_0)
                                                          0.00       2.37 f    
  dut/clk_gen/U12/X (SAEDHVT14_OAI22_1P5)                 0.13       2.50 r    0.58
  dut/clk_gen/U3/X (SAEDHVT14_OAI22_3)                    0.12       2.62 f    0.58
  dut/clk_gen/U4/X (SAEDHVT14_MUX2_MM_1)                  0.16       2.78 f    0.58
  dut/clk_gen/clk_out (msrv_soc_system_controllerwrapper_msrv_soc_clk_generator_0)
                                                          0.00       2.78 f    
  dut/clk_out (msrv_soc_system_controllerwrapper_msrv_soc_system_controller__939583_0)
                                                          0.00       2.78 f    
  clk_out (out)                                           0.00       2.78 f    
  data arrival time                                                  2.78      

  clock MAIN (rise edge)                                  4.00       4.00      
  clock network delay (ideal)                             0.00       4.00      
  output external delay                                  -0.75       3.25      
  data required time                                                 3.25      
  ------------------------------------------------------------------------------------
  data required time                                                 3.25      
  data arrival time                                                 -2.78      
  ------------------------------------------------------------------------------------
  slack (MET)                                                        0.47      


1
